// Jest Snapshot v1, https://goo.gl/fbAQLP

exports[`renders correctly (snapshot) 1`] = `
<DocumentFragment>
  <div
    class="App"
  >
    <div
      class="container"
    >
      <h1>
        GitHub Explorer
      </h1>
      <div
        class="search-bar"
      >
        <input
          placeholder="Username..."
          value=""
        />
        <button>
          Search
        </button>
      </div>
      <div
        class="user-list"
      />
    </div>
  </div>
</DocumentFragment>
`;
